// Jest Snapshot v1, https://goo.gl/fbAQLP

exports[`<DobInput> @Render should render 1`] = `
<FormRow>
  <FormGroup
    as={
      Object {
        "$$typeof": Symbol(react.forward_ref),
        "displayName": "Col",
        "render": [Function],
      }
    }
    controlId="formGridDOB"
  >
    <FormControl
      as="select"
      custom={true}
      name="DOBDate"
      onChange={[MockFunction]}
      size="lg"
      value="02"
    >
      <option
        disabled={true}
      >
        Date:
      </option>
      <option
        key="dobdate-01"
      >
        01
      </option>
      <option
        key="dobdate-02"
      >
        02
      </option>
      <option
        key="dobdate-03"
      >
        03
      </option>
      <option
        key="dobdate-04"
      >
        04
      </option>
      <option
        key="dobdate-05"
      >
        05
      </option>
      <option
        key="dobdate-06"
      >
        06
      </option>
      <option
        key="dobdate-07"
      >
        07
      </option>
      <option
        key="dobdate-08"
      >
        08
      </option>
      <option
        key="dobdate-09"
      >
        09
      </option>
      <option
        key="dobdate-10"
      >
        10
      </option>
      <option
        key="dobdate-11"
      >
        11
      </option>
      <option
        key="dobdate-12"
      >
        12
      </option>
      <option
        key="dobdate-13"
      >
        13
      </option>
      <option
        key="dobdate-14"
      >
        14
      </option>
      <option
        key="dobdate-15"
      >
        15
      </option>
      <option
        key="dobdate-16"
      >
        16
      </option>
      <option
        key="dobdate-17"
      >
        17
      </option>
      <option
        key="dobdate-18"
      >
        18
      </option>
      <option
        key="dobdate-19"
      >
        19
      </option>
      <option
        key="dobdate-20"
      >
        20
      </option>
      <option
        key="dobdate-21"
      >
        21
      </option>
      <option
        key="dobdate-22"
      >
        22
      </option>
      <option
        key="dobdate-23"
      >
        23
      </option>
      <option
        key="dobdate-24"
      >
        24
      </option>
      <option
        key="dobdate-25"
      >
        25
      </option>
      <option
        key="dobdate-26"
      >
        26
      </option>
      <option
        key="dobdate-27"
      >
        27
      </option>
      <option
        key="dobdate-28"
      >
        28
      </option>
      <option
        key="dobdate-29"
      >
        29
      </option>
      <option
        key="dobdate-30"
      >
        30
      </option>
      <option
        key="dobdate-31"
      >
        31
      </option>
    </FormControl>
  </FormGroup>
  <h3
    className="text-muted p-1"
  >
    /
  </h3>
  <FormGroup
    as={
      Object {
        "$$typeof": Symbol(react.forward_ref),
        "displayName": "Col",
        "render": [Function],
      }
    }
    controlId="formGridDOB"
  >
    <FormControl
      as="select"
      custom={true}
      name="DOBMonth"
      onChange={[MockFunction]}
      size="lg"
      value="03"
    >
      <option
        disabled={true}
      >
        Month:
      </option>
      <option>
        01
      </option>
      <option>
        02
      </option>
      <option>
        03
      </option>
      <option>
        04
      </option>
      <option>
        05
      </option>
      <option>
        06
      </option>
      <option>
        07
      </option>
      <option>
        08
      </option>
      <option>
        09
      </option>
      <option>
        10
      </option>
      <option>
        11
      </option>
      <option>
        12
      </option>
    </FormControl>
  </FormGroup>
  <h3
    className="text-muted p-1"
  >
    /
  </h3>
  <FormGroup
    as={
      Object {
        "$$typeof": Symbol(react.forward_ref),
        "displayName": "Col",
        "render": [Function],
      }
    }
    controlId="formGridDOB"
  >
    <FormControl
      as="select"
      custom={true}
      name="DOBYear"
      onChange={[MockFunction]}
      size="lg"
      value={2020}
    >
      <option
        disabled={true}
      >
        Year:
      </option>
      <option
        key="dobyear-2020"
      >
        2020
      </option>
      <option
        key="dobyear-2019"
      >
        2019
      </option>
      <option
        key="dobyear-2018"
      >
        2018
      </option>
      <option
        key="dobyear-2017"
      >
        2017
      </option>
      <option
        key="dobyear-2016"
      >
        2016
      </option>
      <option
        key="dobyear-2015"
      >
        2015
      </option>
      <option
        key="dobyear-2014"
      >
        2014
      </option>
      <option
        key="dobyear-2013"
      >
        2013
      </option>
      <option
        key="dobyear-2012"
      >
        2012
      </option>
      <option
        key="dobyear-2011"
      >
        2011
      </option>
      <option
        key="dobyear-2010"
      >
        2010
      </option>
      <option
        key="dobyear-2009"
      >
        2009
      </option>
      <option
        key="dobyear-2008"
      >
        2008
      </option>
      <option
        key="dobyear-2007"
      >
        2007
      </option>
      <option
        key="dobyear-2006"
      >
        2006
      </option>
      <option
        key="dobyear-2005"
      >
        2005
      </option>
    </FormControl>
  </FormGroup>
</FormRow>
`;
