// Jest Snapshot v1, https://goo.gl/fbAQLP

exports[`<HistogramKey> @Render Should render 1`] = `
<div
  className="HistogramKey"
  style={
    Object {
      "textAlign": "center",
      "width": "100%",
    }
  }
>
  <span
    style={
      Object {
        "color": "#309c3f",
        "marginRight": "20px",
      }
    }
  >
    <FontAwesomeIcon
      border={false}
      className=""
      fixedWidth={false}
      flip={null}
      icon={
        Object {
          "icon": Array [
            448,
            512,
            Array [],
            "f0c8",
            "M400 32H48C21.5 32 0 53.5 0 80v352c0 26.5 21.5 48 48 48h352c26.5 0 48-21.5 48-48V80c0-26.5-21.5-48-48-48z",
          ],
          "iconName": "square",
          "prefix": "fas",
        }
      }
      inverse={false}
      listItem={false}
      mask={null}
      pull={null}
      pulse={false}
      rotation={null}
      size={null}
      spin={false}
      swapOpacity={false}
      symbol={false}
      title=""
      transform={null}
    />
     Correct
  </span>
  <span
    style={
      Object {
        "color": "red",
      }
    }
  >
    <FontAwesomeIcon
      border={false}
      className=""
      fixedWidth={false}
      flip={null}
      icon={
        Object {
          "icon": Array [
            448,
            512,
            Array [],
            "f0c8",
            "M400 32H48C21.5 32 0 53.5 0 80v352c0 26.5 21.5 48 48 48h352c26.5 0 48-21.5 48-48V80c0-26.5-21.5-48-48-48z",
          ],
          "iconName": "square",
          "prefix": "fas",
        }
      }
      inverse={false}
      listItem={false}
      mask={null}
      pull={null}
      pulse={false}
      rotation={null}
      size={null}
      spin={false}
      swapOpacity={false}
      symbol={false}
      title=""
      transform={null}
    />
     wrong
  </span>
</div>
`;
